[www.adultcastingcenter.com/apply/photo-and-video-examples/index.html]
[backblue.gif]
[fade.gif]
[index.html]
[i0.wp.com/www.adultcastingcenter.com/wp-content/uploads/2017/05/star_white_logo_color_backgroundd809.jpg]
[www.google-analytics.com/analytics.js]
[www.adultcastingcenter.com/feed/index.html]
[fonts.googleapis.com/index.html]
[c0.wp.com/c/5.4.1/wp-includes/css/dist/block-library/style.min.css]
[www.adultcastingcenter.com/wp-content/plugins/essential-grid/public/assets/css/settingsb6db.css]
[www.adultcastingcenter.com/comments/feed/index.html]
[www.adultcastingcenter.com/wp-content/plugins/essential-grid/public/assets/font/fontello/css/fontellob6db.css]
[www.adultcastingcenter.com/apply/photo-and-video-examples/feed/index.html]
[www.adultcastingcenter.com/wp-content/themes/mh-magazine/stylec063.css]
[www.adultcastingcenter.com/wp-content/themes/mh-magazine/includes/font-awesome.min.css]
[www.adultcastingcenter.com/wp-content/tablepress-combined.min544b.css]
[c0.wp.com/p/jetpack/8.6.1/css/jetpack.css]
[www.adultcastingcenter.com/wp-content/plugins/google-analytics-premium/assets/js/frontend.min0a8b.js]
[c0.wp.com/c/5.4.1/wp-includes/js/jquery/jquery.js]
[c0.wp.com/c/5.4.1/wp-includes/js/jquery/jquery-migrate.min.js]
[www.adultcastingcenter.com/wp-content/themes/mh-magazine/js/scriptsc063.js]
[www.adultcastingcenter.com/xmlrpc0db0.php]
[www.adultcastingcenter.com/wp-json/index.html]
[www.adultcastingcenter.com/wp-includes/wlwmanifest.xml]
[www.adultcastingcenter.com/wp-json/oembed/1.0/embedaf9b.json]
[www.adultcastingcenter.com/wp-json/oembed/1.0/embede4ca]
[i1.wp.com/www.adultcastingcenter.com/wp-content/uploads/2019/07/cropped-star_white_logo_color_backgrounde43b.jpg]
[i1.wp.com/www.adultcastingcenter.com/wp-content/uploads/2019/07/cropped-star_white_logo_color_background98d8.jpg]
[i1.wp.com/www.adultcastingcenter.com/wp-content/uploads/2019/07/cropped-star_white_logo_color_backgroundf9b5.jpg]
[i1.wp.com/www.adultcastingcenter.com/wp-content/uploads/2017/05/white_logo_transparent_background_small3757.png]
[i2.wp.com/www.adultcastingcenter.com/wp-content/uploads/2019/06/Male-face-front-photoeb45.jpg]
[i1.wp.com/www.adultcastingcenter.com/wp-content/uploads/2019/06/Male-Dressed-facing-front-photoeb45.jpg]
[i2.wp.com/www.adultcastingcenter.com/wp-content/uploads/2019/06/Male-Full-nude-not-erect-photoeb45.jpg]
[i2.wp.com/www.adultcastingcenter.com/wp-content/uploads/2019/06/Male-full-nude-back-photoeb45.jpg]
[i0.wp.com/www.adultcastingcenter.com/wp-content/uploads/2019/06/Male-Full-front-erect-photoeb45.jpg]
[i1.wp.com/www.adultcastingcenter.com/wp-content/uploads/2019/06/Male-profile-nude-erect-photoeb45.jpg]
[s0.wp.com/wp-content/plugins/video/assets/js/next/videopress-iframe.js]
[i1.wp.com/www.adultcastingcenter.com/wp-content/uploads/2019/06/Female-face-front-photoeb45.jpg]
[i0.wp.com/www.adultcastingcenter.com/wp-content/uploads/2019/06/Female-full-nude-front-photoeb45.jpg]
[i1.wp.com/www.adultcastingcenter.com/wp-content/uploads/2019/06/Female-profile-nude-photoeb45.jpg]
[i1.wp.com/www.adultcastingcenter.com/wp-content/uploads/2019/06/Female-full-nude-back-photoeb45.jpg]
[i2.wp.com/www.adultcastingcenter.com/wp-content/uploads/2019/03/apply-here-for-porn-jobs8ba0.jpg]
[c0.wp.com/p/jetpack/8.6.1/_inc/build/photon/photon.min.js]
[www.adultcastingcenter.com/wp-content/plugins/thirstyaffiliates/js/app/ta657a.js]
[c0.wp.com/p/jetpack/8.6.1/_inc/build/lazy-images/js/lazy-images.min.js]
[c0.wp.com/c/5.4.1/wp-includes/js/wp-embed.min.js]
[www.adultcastingcenter.com/apply/photo-and-video-examples/index.html]
[stats.wp.com/e-202024.js]
[gmpg.org/xfn/11.html]
[www.adultcastingcenter.com/xmlrpc.php]
[fonts.googleapis.com/index.html]
[s.w.org/index.html]
[fonts.googleapis.com/css39b2.css]
[i0.wp.com/index.html]
[i1.wp.com/index.html]
[i2.wp.com/index.html]
[c0.wp.com/index.html]
[widgets.wp.com/index.html]
[s0.wp.com/index.html]
[0.gravatar.com/index.html]
[1.gravatar.com/index.html]
[2.gravatar.com/index.html]
[gmpg.org/xfn/.html]
[gmpg.org/xfn/intro.html]
[gmpg.org/xfn/faq.html]
[www.adultcastingcenter.com/comments/feed/index.html]
[www.adultcastingcenter.com/apply/photo-and-video-examples/feed/index.html]
[www.adultcastingcenter.com/feed/index.html]
[c0.wp.com/c/5.4.1/wp-includes/css/dist/block-library/style.min.css]
[c0.wp.com/c/5.4.1/wp-includes/js/jquery/jquery.js]
[www.adultcastingcenter.com/wp-json/index.html]
[c0.wp.com/c/5.4.1/wp-includes/js/jquery/jquery-migrate.min.js]
[www.adultcastingcenter.com/wp-content/plugins/essential-grid/public/assets/images/ajax-loader.gif]
[www.adultcastingcenter.com/wp-content/plugins/essential-grid/public/assets/css/settingsb6db.css]
[c0.wp.com/p/jetpack/8.6.1/_inc/build/photon/photon.min.js]
[c0.wp.com/p/jetpack/8.6.1/_inc/build/lazy-images/js/lazy-images.min.js]
[c0.wp.com/c/5.4.1/wp-includes/js/wp-embed.min.js]
[www.adultcastingcenter.com/wp-content/plugins/essential-grid/public/assets/font/fontello/css/fontellob6db.css]
[www.adultcastingcenter.com/wp-content/themes/mh-magazine/fonts/flexslider-icond41d.eot]
[www.adultcastingcenter.com/wp-content/themes/mh-magazine/fonts/flexslider-icon.woff]
[www.adultcastingcenter.com/wp-content/themes/mh-magazine/fonts/flexslider-icon.ttf]
[www.adultcastingcenter.com/wp-content/themes/mh-magazine/stylec063.css]
[www.adultcastingcenter.com/wp-content/themes/mh-magazine/includes/font-awesome.min.css]
[www.adultcastingcenter.com/wp-content/tablepress-combined.min544b.css]
[c0.wp.com/p/jetpack/8.6.1/modules/carousel/images/arrows.png]
[c0.wp.com/p/jetpack/8.6.1/modules/carousel/images/arrows-2x.png]
[c0.wp.com/p/jetpack/8.6.1/modules/carousel/images/carousel-spritee4da.png]
[c0.wp.com/p/jetpack/8.6.1/modules/carousel/images/carousel-sprite-2xe4da.png]
[c0.wp.com/p/jetpack/8.6.1/modules/shortcodes/img/slideshow-controls.png]
[c0.wp.com/p/jetpack/8.6.1/modules/shortcodes/img/slideshow-controls-2x.png]
[c0.wp.com/p/jetpack/8.6.1/modules/shortcodes/images/slide-nav.png]
[c0.wp.com/p/jetpack/8.6.1/modules/shortcodes/images/expand.png]
[c0.wp.com/p/jetpack/8.6.1/modules/shortcodes/images/collapse.png]
[secure.gravatar.com/images/grav-share-sprite.png]
[c0.wp.com/p/jetpack/8.6.1/css/jetpack.css]
[c0.wp.com/index.html]
[s0.wp.com/wp-content/plugins/video/assets/js/next/videopress-iframe.js]
[gmpg.org/xfn/default.css]
[www.adultcastingcenter.com/wp-content/plugins/essential-grid/public/assets/font/fontello/fonts/egfontdde9.svg]
[www.adultcastingcenter.com/wp-content/themes/mh-magazine/fonts/flexslider-icon.svg]
[www.adultcastingcenter.com/wp-content/themes/mh-magazine/fonts/fontawesome-webfont3e6e.svg]
[www.adultcastingcenter.com/wp-content/plugins/essential-grid/public/assets/images/loader.gif]
[www.adultcastingcenter.com/wp-content/themes/mh-magazine/fonts/flexslider-icon.eot]
